Flutter crash report.
Please report a bug at https://github.com/flutter/flutter/issues.

## command

flutter pub get --no-example

## exception

FileSystemException: FileSystemException: writeFrom failed, path = '/Users/pradeepganeshamoorthy/Desktop/wallpaper_ringtone_app/.dart_tool/version' (OS Error: Operation timed out, errno = 60)

```
#0      _RandomAccessFile.writeFromSync (dart:io/file_impl.dart:999:7)
#1      _File.writeAsBytesSync (dart:io/file_impl.dart:746:14)
#2      _File.writeAsStringSync (dart:io/file_impl.dart:772:5)
#3      ForwardingFile.writeAsStringSync (package:file/src/forwarding/forwarding_file.dart:150:16)
#4      ErrorHandlingFile.writeAsStringSync.<anonymous closure> (package:flutter_tools/src/base/error_handling_io.dart:254:22)
#5      _runSync (package:flutter_tools/src/base/error_handling_io.dart:552:14)
#6      ErrorHandlingFile.writeAsStringSync (package:flutter_tools/src/base/error_handling_io.dart:253:5)
#7      _DefaultPub._updateVersionAndPackageConfig (package:flutter_tools/src/dart/pub.dart:691:17)
#8      _DefaultPub.interactively (package:flutter_tools/src/dart/pub.dart:567:13)
<asynchronous suspension>
#9      PackagesGetCommand.runCommand (package:flutter_tools/src/commands/packages.dart:298:7)
<asynchronous suspension>
#10     FlutterCommand.run.<anonymous closure> (package:flutter_tools/src/runner/flutter_command.dart:1590:27)
<asynchronous suspension>
#11     AppContext.run.<anonymous closure> (package:flutter_tools/src/base/context.dart:154:19)
<asynchronous suspension>
#12     CommandRunner.runCommand (package:args/command_runner.dart:212:13)
<asynchronous suspension>
#13     FlutterCommandRunner.runCommand.<anonymous closure> (package:flutter_tools/src/runner/flutter_command_runner.dart:496:9)
<asynchronous suspension>
#14     AppContext.run.<anonymous closure> (package:flutter_tools/src/base/context.dart:154:19)
<asynchronous suspension>
#15     FlutterCommandRunner.runCommand (package:flutter_tools/src/runner/flutter_command_runner.dart:431:5)
<asynchronous suspension>
#16     FlutterCommandRunner.run.<anonymous closure> (package:flutter_tools/src/runner/flutter_command_runner.dart:307:33)
<asynchronous suspension>
#17     run.<anonymous closure>.<anonymous closure> (package:flutter_tools/runner.dart:104:11)
<asynchronous suspension>
#18     AppContext.run.<anonymous closure> (package:flutter_tools/src/base/context.dart:154:19)
<asynchronous suspension>
#19     main (package:flutter_tools/executable.dart:103:3)
<asynchronous suspension>
```

## flutter doctor

```
[!] Flutter (Channel stable, 3.41.8, on macOS 26.4.1 25E253 darwin-arm64, locale en-IN) [233ms]
    • Flutter version 3.41.8 on channel stable at /Users/pradeepganeshamoorthy/flutter
    ! The flutter binary is not on your path. Consider adding /Users/pradeepganeshamoorthy/flutter/bin to your path.
    ! The dart binary is not on your path. Consider adding /Users/pradeepganeshamoorthy/flutter/bin to your path.
    • Upstream repository https://github.com/flutter/flutter.git
    • Framework revision 02085feb3f (5 days ago), 2026-04-24 13:54:45 -0700
    • Engine revision 59aa584fdf
    • Dart version 3.11.5
    • DevTools version 2.54.2
    • Feature flags: enable-web, enable-linux-desktop, enable-macos-desktop, enable-windows-desktop, enable-android, enable-ios, cli-animations, enable-native-assets, omit-legacy-version-file, enable-lldb-debugging, enable-uiscene-migration
    • If those were intentional, you can disregard the above warnings; however it is recommended to use "git" directly to perform update checks and upgrades.

[!] Android toolchain - develop for Android devices (Android SDK version 37.0.0) [1,479ms]
    • Android SDK at /Users/pradeepganeshamoorthy/Library/Android/sdk
    • Emulator version 36.5.11.0 (build_id 15261927) (CL:N/A)
    ✗ Flutter requires Android SDK 36 and the Android BuildTools 28.0.3
      To update the Android SDK visit https://flutter.dev/to/macos-android-setup for detailed instructions.
    • All Android licenses accepted.

[✗] Xcode - develop for iOS and macOS [148ms]
    ✗ Xcode installation is incomplete; a full installation is necessary for iOS and macOS development.
      Download at: https://developer.apple.com/xcode/
      Or install Xcode via the App Store.
      Once installed, run:
        sudo xcode-select --switch /Applications/Xcode.app/Contents/Developer
        sudo xcodebuild -runFirstLaunch
    ✗ CocoaPods not installed.
        CocoaPods is a package manager for iOS or macOS platform code.
        Without CocoaPods, plugins will not work on iOS or macOS.
        For more info, see https://flutter.dev/to/platform-plugins
      For installation instructions, see https://guides.cocoapods.org/using/getting-started.html#installation

[✓] Chrome - develop for the web [57ms]
    • Chrome at /Applications/Google Chrome.app/Contents/MacOS/Google Chrome

[✓] Connected device (3 available) [1,177ms]
    • sdk gphone16k arm64 (mobile) • emulator-5554 • android-arm64  • Android 17 (API 37) (emulator)
    • macOS (desktop)              • macos         • darwin-arm64   • macOS 26.4.1 25E253 darwin-arm64
    • Chrome (web)                 • chrome        • web-javascript • Google Chrome 147.0.7727.117

[✓] Network resources [543ms]
    • All expected network resources are available.

! Doctor found issues in 3 categories.
```
